// Jest Snapshot v1, https://goo.gl/fbAQLP

exports[`Header render header for results 1`] = `ShallowWrapper {}`;
