// Jest Snapshot v1, https://goo.gl/fbAQLP

exports[`Results render results if repository is greater than 0 1`] = `ShallowWrapper {}`;
